// Jest Snapshot v1, https://goo.gl/fbAQLP

exports[`Should Header render correctly 1`] = `
Array [
  <header
    className="page-header movie-card__head"
  >
    <div
      className="logo"
    >
      <a
        className="logo__link"
        href={null}
      >
        <span
          className="logo__letter logo__letter--1"
        >
          W
        </span>
        <span
          className="logo__letter logo__letter--2"
        >
          T
        </span>
        <span
          className="logo__letter logo__letter--3"
        >
          W
        </span>
      </a>
    </div>
    <div
      className="user-block"
    >
      <div
        className="user-block__avatar"
      >
        <a
          href="/mylist"
          onClick={[Function]}
        >
          <img
            alt="User avatar"
            height="63"
            src="img.jpg"
            width="63"
          />
        </a>
      </div>
    </div>
  </header>,
  " ",
]
`;
