// Jest Snapshot v1, https://goo.gl/fbAQLP

exports[`Should ShowMore component render correctly 1`] = `
<button
  className="catalog__button"
  onClick={[Function]}
  type="button"
>
  Show more
</button>
`;
