// Jest Snapshot v1, https://goo.gl/fbAQLP

exports[`Should Overview component render correctly 1`] = `
Array [
  <div
    className="movie-rating"
  >
    <div
      className="movie-rating__score"
    >
      7.2
    </div>
    <p
      className="movie-rating__meta"
    >
      <span
        className="movie-rating__level"
      >
        Very good
      </span>
      <span
        className="movie-rating__count"
      >
         ratings
      </span>
    </p>
  </div>,
  <div
    className="movie-card__text"
  >
    <p>
      After Queen Elizabeth I commands him not to grow old, a young nobleman struggles with love and his place in the world.
    </p>
    <p
      className="movie-card__director"
    >
      <strong>
        Director: 
        Sally Potter
      </strong>
    </p>
    <p
      className="movie-card__starring"
    >
      <strong>
        Starring: 
        Tilda Swinto, Billy Zane, Quentin Crisp
         and other
      </strong>
    </p>
  </div>,
]
`;
